<testsuite tests="11">
  <testcase classname="EledoAPITest" name="testGeneratePDF" time="758" />
  <testcase classname="EledoAPITest" name="testGeneratePDFCatchAuraHandledException" time="49" />
  <testcase classname="EledoAPITest" name="testGeneratePDFCatchAuraHandledExceptionResponseNot200" time="134" />
  <testcase classname="EledoAPITest" name="testGetTemplates" time="8" />
  <testcase classname="EledoAPITest" name="testGetTemplatesCatchAuraHandledExceptionResponseNot200" time="9" />
  <testcase classname="EledoGeneratePDFControllerTest" name="testfindTemplates" time="123" />
  <testcase classname="EledoTemplatesControllerTest" name="testGetObjects" time="116" />
  <testcase classname="EledoTemplatesControllerTest" name="testGetTemplate" time="69" />
  <testcase classname="EledoTemplatesControllerTest" name="testGetTemplateCatchAuraHandledException" time="10" />
  <testcase classname="EledoTemplatesControllerTest" name="testValidateSoql" time="12" />
  <testcase classname="EledoTemplatesControllerTest" name="testValidateSoqlCatchAuraHandledException" time="8" />
</testsuite>